=================
print required action:
"exe" - execute file CDSLResult.hs
*filename* - interpretes CDSLResult.hs into file *filename*
Have read a
Have read b
Have read c
Have read d
Have read e
Have read STOP
main returned with exit code: 0
